{
  "version": "1.5.0",
  "plugins_used": [
    {
      "name": "ArtifactoryDetector"
    },
    {
      "name": "AWSKeyDetector"
    },
    {
      "name": "AzureStorageKeyDetector"
    },
    {
      "name": "Base64HighEntropyString",
      "limit": 4.5
    },
    {
      "name": "BasicAuthDetector"
    },
    {
      "name": "CloudantDetector"
    },
    {
      "name": "DiscordBotTokenDetector"
    },
    {
      "name": "GitHubTokenDetector"
    },
    {
      "name": "GitLabTokenDetector"
    },
    {
      "name": "HexHighEntropyString",
      "limit": 3.0
    },
    {
      "name": "IbmCloudIamDetector"
    },
    {
      "name": "IbmCosHmacDetector"
    },
    {
      "name": "IPPublicDetector"
    },
    {
      "name": "JwtTokenDetector"
    },
    {
      "name": "KeywordDetector",
      "keyword_exclude": ""
    },
    {
      "name": "MailchimpDetector"
    },
    {
      "name": "NpmDetector"
    },
    {
      "name": "OpenAIDetector"
    },
    {
      "name": "PrivateKeyDetector"
    },
    {
      "name": "PypiTokenDetector"
    },
    {
      "name": "SendGridDetector"
    },
    {
      "name": "SlackDetector"
    },
    {
      "name": "SoftlayerDetector"
    },
    {
      "name": "SquareOAuthDetector"
    },
    {
      "name": "StripeDetector"
    },
    {
      "name": "TelegramBotTokenDetector"
    },
    {
      "name": "TwilioKeyDetector"
    }
  ],
  "filters_used": [
    {
      "path": "detect_secrets.filters.allowlist.is_line_allowlisted"
    },
    {
      "path": "detect_secrets.filters.common.is_ignored_due_to_verification_policies",
      "min_level": 2
    },
    {
      "path": "detect_secrets.filters.heuristic.is_indirect_reference"
    },
    {
      "path": "detect_secrets.filters.heuristic.is_likely_id_string"
    },
    {
      "path": "detect_secrets.filters.heuristic.is_lock_file"
    },
    {
      "path": "detect_secrets.filters.heuristic.is_not_alphanumeric_string"
    },
    {
      "path": "detect_secrets.filters.heuristic.is_potential_uuid"
    },
    {
      "path": "detect_secrets.filters.heuristic.is_prefixed_with_dollar_sign"
    },
    {
      "path": "detect_secrets.filters.heuristic.is_sequential_string"
    },
    {
      "path": "detect_secrets.filters.heuristic.is_swagger_file"
    },
    {
      "path": "detect_secrets.filters.heuristic.is_templated_secret"
    },
    {
      "path": "detect_secrets.filters.regex.should_exclude_file",
      "pattern": [
        "\\.env$",
        "bandit-report\\.json$"
      ]
    }
  ],
  "results": {
    "neuro-symbolic-htn-planner/docs/phase-0-foundation/llm_clients_documentation.md": [
      {
        "type": "Secret Keyword",
        "filename": "neuro-symbolic-htn-planner/docs/phase-0-foundation/llm_clients_documentation.md",
        "hashed_secret": "cf4a956e75901c220c0f5fbaec41987fc6177345",
        "is_verified": false,
        "line_number": 115
      },
      {
        "type": "Secret Keyword",
        "filename": "neuro-symbolic-htn-planner/docs/phase-0-foundation/llm_clients_documentation.md",
        "hashed_secret": "9ad19750930e5cf133e024641c00daf5fc90c700",
        "is_verified": false,
        "line_number": 313
      },
      {
        "type": "Secret Keyword",
        "filename": "neuro-symbolic-htn-planner/docs/phase-0-foundation/llm_clients_documentation.md",
        "hashed_secret": "67343f0f7d53428a66c6664e5e671e09754688f2",
        "is_verified": false,
        "line_number": 574
      },
      {
        "type": "Secret Keyword",
        "filename": "neuro-symbolic-htn-planner/docs/phase-0-foundation/llm_clients_documentation.md",
        "hashed_secret": "eaf8fe5fd6b257862ed3c3b02cdf145857ead951",
        "is_verified": false,
        "line_number": 575
      },
      {
        "type": "Secret Keyword",
        "filename": "neuro-symbolic-htn-planner/docs/phase-0-foundation/llm_clients_documentation.md",
        "hashed_secret": "1843bceb27789f6bf48c3321b57625311fdac3c1",
        "is_verified": false,
        "line_number": 576
      },
      {
        "type": "Secret Keyword",
        "filename": "neuro-symbolic-htn-planner/docs/phase-0-foundation/llm_clients_documentation.md",
        "hashed_secret": "78763e2413f633929a1806dd0b365ebc5de74cc1",
        "is_verified": false,
        "line_number": 577
      },
      {
        "type": "Secret Keyword",
        "filename": "neuro-symbolic-htn-planner/docs/phase-0-foundation/llm_clients_documentation.md",
        "hashed_secret": "9d314c1ecba570404b3417d9a22fe63004ac5f8e",
        "is_verified": false,
        "line_number": 578
      }
    ],
    "neuro-symbolic-htn-planner/results/cross-phase-analysis/MULTI_PHASE_TESTING_COMPLETE.md": [
      {
        "type": "Secret Keyword",
        "filename": "neuro-symbolic-htn-planner/results/cross-phase-analysis/MULTI_PHASE_TESTING_COMPLETE.md",
        "hashed_secret": "709cb3397618155abdb90666b163355546be6a47",
        "is_verified": false,
        "line_number": 265
      },
      {
        "type": "Secret Keyword",
        "filename": "neuro-symbolic-htn-planner/results/cross-phase-analysis/MULTI_PHASE_TESTING_COMPLETE.md",
        "hashed_secret": "1ccebc9638f47c80fc388173e346b2fa51178cca",
        "is_verified": false,
        "line_number": 267
      }
    ],
    "neuro-symbolic-htn-planner/tests/QUICK_START.md": [
      {
        "type": "Secret Keyword",
        "filename": "neuro-symbolic-htn-planner/tests/QUICK_START.md",
        "hashed_secret": "709cb3397618155abdb90666b163355546be6a47",
        "is_verified": false,
        "line_number": 72
      },
      {
        "type": "Secret Keyword",
        "filename": "neuro-symbolic-htn-planner/tests/QUICK_START.md",
        "hashed_secret": "1ccebc9638f47c80fc388173e346b2fa51178cca",
        "is_verified": false,
        "line_number": 74
      }
    ],
    "neuro-symbolic-htn-planner/tests/README.md": [
      {
        "type": "Secret Keyword",
        "filename": "neuro-symbolic-htn-planner/tests/README.md",
        "hashed_secret": "709cb3397618155abdb90666b163355546be6a47",
        "is_verified": false,
        "line_number": 95
      },
      {
        "type": "Secret Keyword",
        "filename": "neuro-symbolic-htn-planner/tests/README.md",
        "hashed_secret": "1ccebc9638f47c80fc388173e346b2fa51178cca",
        "is_verified": false,
        "line_number": 97
      }
    ]
  },
  "generated_at": "2025-11-10T17:57:00Z"
}
